[INFO] Scanning for projects...
[INFO] 
[INFO] -----------------------< com.example:hclproject >-----------------------
[INFO] Building  0.0.1-SNAPSHOT
[INFO]   from pom.xml
[INFO] --------------------------------[ jar ]---------------------------------
[INFO] 
[INFO] >>> spring-boot:4.0.5:run (default-cli) > test-compile @ hclproject >>>
[INFO] 
[INFO] --- resources:3.3.1:resources (default-resources) @ hclproject ---
[INFO] Copying 1 resource from src\main\resources to target\classes
[INFO] Copying 0 resource from src\main\resources to target\classes
[INFO] 
[INFO] --- compiler:3.14.1:compile (default-compile) @ hclproject ---
[INFO] Nothing to compile - all classes are up to date.
[INFO] 
[INFO] --- resources:3.3.1:testResources (default-testResources) @ hclproject ---
[INFO] skip non existing resourceDirectory C:\Users\prani\Downloads\hclproject\hclproject\src\test\resources
[INFO] 
[INFO] --- compiler:3.14.1:testCompile (default-testCompile) @ hclproject ---
[INFO] Nothing to compile - all classes are up to date.
[INFO] 
[INFO] <<< spring-boot:4.0.5:run (default-cli) < test-compile @ hclproject <<<
[INFO] 
[INFO] 
[INFO] --- spring-boot:4.0.5:run (default-cli) @ hclproject ---
[INFO] Attaching agents: []

  .   ____          _            __ _ _
 /\\ / ___'_ __ _ _(_)_ __  __ _ \ \ \ \
( ( )\___ | '_ | '_| | '_ \/ _` | \ \ \ \
 \\/  ___)| |_)| | | | | || (_| |  ) ) ) )
  '  |____| .__|_| |_|_| |_\__, | / / / /
 =========|_|==============|___/=/_/_/_/

 :: Spring Boot ::                (v4.0.5)

2026-04-06T16:48:45.024+05:30  INFO 14868 --- [hclproject] [           main] c.e.hclproject.HclprojectApplication     : Starting HclprojectApplication using Java 23.0.2 with PID 14868 (C:\Users\prani\Downloads\hclproject\hclproject\target\classes started by prani in C:\Users\prani\Downloads\hclproject\hclproject)
2026-04-06T16:48:45.029+05:30  INFO 14868 --- [hclproject] [           main] c.e.hclproject.HclprojectApplication     : No active profile set, falling back to 1 default profile: "default"
2026-04-06T16:48:45.942+05:30  INFO 14868 --- [hclproject] [           main] .s.d.r.c.RepositoryConfigurationDelegate : Bootstrapping Spring Data JPA repositories in DEFAULT mode.
2026-04-06T16:48:46.032+05:30  INFO 14868 --- [hclproject] [           main] .s.d.r.c.RepositoryConfigurationDelegate : Finished Spring Data repository scanning in 76 ms. Found 3 JPA repository interfaces.
2026-04-06T16:48:46.759+05:30  INFO 14868 --- [hclproject] [           main] o.s.boot.tomcat.TomcatWebServer          : Tomcat initialized with port 8080 (http)
2026-04-06T16:48:46.779+05:30  INFO 14868 --- [hclproject] [           main] o.apache.catalina.core.StandardService   : Starting service [Tomcat]
2026-04-06T16:48:46.780+05:30  INFO 14868 --- [hclproject] [           main] o.apache.catalina.core.StandardEngine    : Starting Servlet engine: [Apache Tomcat/11.0.20]
2026-04-06T16:48:46.900+05:30  INFO 14868 --- [hclproject] [           main] b.w.c.s.WebApplicationContextInitializer : Root WebApplicationContext: initialization completed in 1774 ms
2026-04-06T16:48:47.077+05:30  INFO 14868 --- [hclproject] [           main] org.hibernate.orm.jpa                    : HHH008540: Processing PersistenceUnitInfo [name: default]
2026-04-06T16:48:47.174+05:30  INFO 14868 --- [hclproject] [           main] org.hibernate.orm.core                   : HHH000001: Hibernate ORM core version 7.2.7.Final
2026-04-06T16:48:47.749+05:30  INFO 14868 --- [hclproject] [           main] o.s.o.j.p.SpringPersistenceUnitInfo      : No LoadTimeWeaver setup: ignoring JPA class transformer
2026-04-06T16:48:47.786+05:30  INFO 14868 --- [hclproject] [           main] com.zaxxer.hikari.HikariDataSource       : HikariPool-1 - Starting...
2026-04-06T16:48:47.990+05:30  INFO 14868 --- [hclproject] [           main] com.zaxxer.hikari.pool.HikariPool        : HikariPool-1 - Added connection conn0: url=jdbc:h2:mem:hcldb user=SA
2026-04-06T16:48:47.993+05:30  INFO 14868 --- [hclproject] [           main] com.zaxxer.hikari.HikariDataSource       : HikariPool-1 - Start completed.
2026-04-06T16:48:48.022+05:30  WARN 14868 --- [hclproject] [           main] org.hibernate.orm.deprecation            : HHH90000025: H2Dialect does not need to be specified explicitly using 'hibernate.dialect' (remove the property setting and it will be selected by default)
2026-04-06T16:48:48.049+05:30  INFO 14868 --- [hclproject] [           main] org.hibernate.orm.connections.pooling    : HHH10001005: Database info:
	Database JDBC URL [jdbc:h2:mem:hcldb]
	Database driver: H2 JDBC Driver
	Database dialect: H2Dialect
	Database version: 2.4.240
	Default catalog/schema: HCLDB/PUBLIC
	Autocommit mode: undefined/unknown
	Isolation level: READ_COMMITTED [default READ_COMMITTED]
	JDBC fetch size: 100
	Pool: DataSourceConnectionProvider
	Minimum pool size: undefined/unknown
	Maximum pool size: undefined/unknown
2026-04-06T16:48:49.180+05:30  INFO 14868 --- [hclproject] [           main] org.hibernate.orm.core                   : HHH000489: No JTA platform available (set 'hibernate.transaction.jta.platform' to enable JTA platform integration)
Hibernate: create table bookings (id bigint generated by default as identity, event_id bigint, user_id bigint, primary key (id))
Hibernate: create table event (id bigint generated by default as identity, date varchar(255), description varchar(255), location varchar(255), title varchar(255), primary key (id))
Hibernate: create table users (id bigint generated by default as identity, email varchar(255) not null, name varchar(255) not null, password varchar(255) not null, role varchar(255) not null, primary key (id))
Hibernate: alter table if exists users drop constraint if exists UK6dotkott2kjsp8vw4d0m25fb7
Hibernate: alter table if exists users add constraint UK6dotkott2kjsp8vw4d0m25fb7 unique (email)
2026-04-06T16:48:49.308+05:30  INFO 14868 --- [hclproject] [           main] j.LocalContainerEntityManagerFactoryBean : Initialized JPA EntityManagerFactory for persistence unit 'default'
2026-04-06T16:48:49.390+05:30  INFO 14868 --- [hclproject] [           main] o.s.d.j.r.query.QueryEnhancerFactories   : Hibernate is in classpath; If applicable, HQL parser will be used.
2026-04-06T16:48:49.607+05:30  WARN 14868 --- [hclproject] [           main] JpaBaseConfiguration$JpaWebConfiguration : spring.jpa.open-in-view is enabled by default. Therefore, database queries may be performed during view rendering. Explicitly configure spring.jpa.open-in-view to disable this warning
2026-04-06T16:48:49.701+05:30  WARN 14868 --- [hclproject] [           main] .s.a.UserDetailsServiceAutoConfiguration : 

Using generated security password: 1a823764-9666-4d54-b80b-12d535f6c7b9

This generated password is for development use only. Your security configuration must be updated before running your application in production.

2026-04-06T16:48:49.710+05:30  INFO 14868 --- [hclproject] [           main] r$InitializeUserDetailsManagerConfigurer : Global AuthenticationManager configured with UserDetailsService bean with name inMemoryUserDetailsManager
2026-04-06T16:48:50.117+05:30  INFO 14868 --- [hclproject] [           main] o.s.b.h.a.H2ConsoleAutoConfiguration     : H2 console available at '/h2-console'. Database available at 'jdbc:h2:mem:hcldb'
2026-04-06T16:48:50.204+05:30  WARN 14868 --- [hclproject] [           main] ConfigServletWebServerApplicationContext : Exception encountered during context initialization - cancelling refresh attempt: org.springframework.context.ApplicationContextException: Failed to start bean 'webServerStartStop'
2026-04-06T16:48:50.206+05:30  INFO 14868 --- [hclproject] [           main] j.LocalContainerEntityManagerFactoryBean : Closing JPA EntityManagerFactory for persistence unit 'default'
2026-04-06T16:48:50.207+05:30  INFO 14868 --- [hclproject] [           main] com.zaxxer.hikari.HikariDataSource       : HikariPool-1 - Shutdown initiated...
2026-04-06T16:48:50.210+05:30  INFO 14868 --- [hclproject] [           main] com.zaxxer.hikari.HikariDataSource       : HikariPool-1 - Shutdown completed.
2026-04-06T16:48:50.217+05:30  INFO 14868 --- [hclproject] [           main] .s.b.a.l.ConditionEvaluationReportLogger : 

Error starting ApplicationContext. To display the condition evaluation report re-run your application with 'debug' enabled.
2026-04-06T16:48:50.231+05:30 ERROR 14868 --- [hclproject] [           main] o.s.b.d.LoggingFailureAnalysisReporter   : 

***************************
APPLICATION FAILED TO START
***************************

Description:

Web server failed to start. Port 8080 was already in use.

Action:

Identify and stop the process that's listening on port 8080 or configure this application to listen on another port.

[INFO] ------------------------------------------------------------------------
[INFO] BUILD FAILURE
[INFO] ------------------------------------------------------------------------
[INFO] Total time:  9.671 s
[INFO] Finished at: 2026-04-06T16:48:50+05:30
[INFO] ------------------------------------------------------------------------
[ERROR] Failed to execute goal org.springframework.boot:spring-boot-maven-plugin:4.0.5:run (default-cli) on project hclproject: Process terminated with exit code: 1 -> [Help 1]
[ERROR] 
[ERROR] To see the full stack trace of the errors, re-run Maven with the -e switch.
[ERROR] Re-run Maven using the -X switch to enable full debug logging.
[ERROR] 
[ERROR] For more information about the errors and possible solutions, please read the following articles:
[ERROR] [Help 1] http://cwiki.apache.org/confluence/display/MAVEN/MojoExecutionException
