[INFO] Scanning for projects...
[INFO] 
[INFO] -----------------------< com.example:hclproject >-----------------------
[INFO] Building  0.0.1-SNAPSHOT
[INFO]   from pom.xml
[INFO] --------------------------------[ jar ]---------------------------------
[INFO] 
[INFO] >>> spring-boot:4.0.5:run (default-cli) > test-compile @ hclproject >>>
[INFO] 
[INFO] --- resources:3.3.1:resources (default-resources) @ hclproject ---
[INFO] Copying 1 resource from src\main\resources to target\classes
[INFO] Copying 0 resource from src\main\resources to target\classes
[INFO] 
[INFO] --- compiler:3.14.1:compile (default-compile) @ hclproject ---
[INFO] Nothing to compile - all classes are up to date.
[INFO] 
[INFO] --- resources:3.3.1:testResources (default-testResources) @ hclproject ---
[INFO] skip non existing resourceDirectory C:\Users\prani\Downloads\hclproject\hclproject\src\test\resources
[INFO] 
[INFO] --- compiler:3.14.1:testCompile (default-testCompile) @ hclproject ---
[INFO] Nothing to compile - all classes are up to date.
[INFO] 
[INFO] <<< spring-boot:4.0.5:run (default-cli) < test-compile @ hclproject <<<
[INFO] 
[INFO] 
[INFO] --- spring-boot:4.0.5:run (default-cli) @ hclproject ---
[INFO] Attaching agents: []

  .   ____          _            __ _ _
 /\\ / ___'_ __ _ _(_)_ __  __ _ \ \ \ \
( ( )\___ | '_ | '_| | '_ \/ _` | \ \ \ \
 \\/  ___)| |_)| | | | | || (_| |  ) ) ) )
  '  |____| .__|_| |_|_| |_\__, | / / / /
 =========|_|==============|___/=/_/_/_/

 :: Spring Boot ::                (v4.0.5)

2026-04-06T16:56:35.944+05:30  INFO 40864 --- [hclproject] [           main] c.e.hclproject.HclprojectApplication     : Starting HclprojectApplication using Java 23.0.2 with PID 40864 (C:\Users\prani\Downloads\hclproject\hclproject\target\classes started by prani in C:\Users\prani\Downloads\hclproject\hclproject)
2026-04-06T16:56:35.946+05:30  INFO 40864 --- [hclproject] [           main] c.e.hclproject.HclprojectApplication     : No active profile set, falling back to 1 default profile: "default"
2026-04-06T16:56:36.745+05:30  INFO 40864 --- [hclproject] [           main] .s.d.r.c.RepositoryConfigurationDelegate : Bootstrapping Spring Data JPA repositories in DEFAULT mode.
2026-04-06T16:56:36.812+05:30  INFO 40864 --- [hclproject] [           main] .s.d.r.c.RepositoryConfigurationDelegate : Finished Spring Data repository scanning in 52 ms. Found 3 JPA repository interfaces.
2026-04-06T16:56:37.320+05:30  INFO 40864 --- [hclproject] [           main] o.s.boot.tomcat.TomcatWebServer          : Tomcat initialized with port 8080 (http)
2026-04-06T16:56:37.337+05:30  INFO 40864 --- [hclproject] [           main] o.apache.catalina.core.StandardService   : Starting service [Tomcat]
2026-04-06T16:56:37.337+05:30  INFO 40864 --- [hclproject] [           main] o.apache.catalina.core.StandardEngine    : Starting Servlet engine: [Apache Tomcat/11.0.20]
2026-04-06T16:56:37.418+05:30  INFO 40864 --- [hclproject] [           main] b.w.c.s.WebApplicationContextInitializer : Root WebApplicationContext: initialization completed in 1384 ms
2026-04-06T16:56:37.634+05:30  INFO 40864 --- [hclproject] [           main] org.hibernate.orm.jpa                    : HHH008540: Processing PersistenceUnitInfo [name: default]
2026-04-06T16:56:37.680+05:30  INFO 40864 --- [hclproject] [           main] org.hibernate.orm.core                   : HHH000001: Hibernate ORM core version 7.2.7.Final
2026-04-06T16:56:38.280+05:30  INFO 40864 --- [hclproject] [           main] o.s.o.j.p.SpringPersistenceUnitInfo      : No LoadTimeWeaver setup: ignoring JPA class transformer
2026-04-06T16:56:38.313+05:30  INFO 40864 --- [hclproject] [           main] com.zaxxer.hikari.HikariDataSource       : HikariPool-1 - Starting...
2026-04-06T16:56:38.484+05:30  INFO 40864 --- [hclproject] [           main] com.zaxxer.hikari.pool.HikariPool        : HikariPool-1 - Added connection conn0: url=jdbc:h2:mem:hcldb user=SA
2026-04-06T16:56:38.485+05:30  INFO 40864 --- [hclproject] [           main] com.zaxxer.hikari.HikariDataSource       : HikariPool-1 - Start completed.
2026-04-06T16:56:38.517+05:30  WARN 40864 --- [hclproject] [           main] org.hibernate.orm.deprecation            : HHH90000025: H2Dialect does not need to be specified explicitly using 'hibernate.dialect' (remove the property setting and it will be selected by default)
2026-04-06T16:56:38.540+05:30  INFO 40864 --- [hclproject] [           main] org.hibernate.orm.connections.pooling    : HHH10001005: Database info:
	Database JDBC URL [jdbc:h2:mem:hcldb]
	Database driver: H2 JDBC Driver
	Database dialect: H2Dialect
	Database version: 2.4.240
	Default catalog/schema: HCLDB/PUBLIC
	Autocommit mode: undefined/unknown
	Isolation level: READ_COMMITTED [default READ_COMMITTED]
	JDBC fetch size: 100
	Pool: DataSourceConnectionProvider
	Minimum pool size: undefined/unknown
	Maximum pool size: undefined/unknown
2026-04-06T16:56:39.436+05:30  INFO 40864 --- [hclproject] [           main] org.hibernate.orm.core                   : HHH000489: No JTA platform available (set 'hibernate.transaction.jta.platform' to enable JTA platform integration)
Hibernate: create table bookings (id bigint generated by default as identity, event_id bigint, user_id bigint, primary key (id))
Hibernate: create table event (id bigint generated by default as identity, date varchar(255), description varchar(255), location varchar(255), title varchar(255), primary key (id))
Hibernate: create table users (id bigint generated by default as identity, email varchar(255) not null, name varchar(255) not null, password varchar(255) not null, role varchar(255) not null, primary key (id))
Hibernate: alter table if exists users drop constraint if exists UK6dotkott2kjsp8vw4d0m25fb7
Hibernate: alter table if exists users add constraint UK6dotkott2kjsp8vw4d0m25fb7 unique (email)
2026-04-06T16:56:39.540+05:30  INFO 40864 --- [hclproject] [           main] j.LocalContainerEntityManagerFactoryBean : Initialized JPA EntityManagerFactory for persistence unit 'default'
2026-04-06T16:56:39.654+05:30  INFO 40864 --- [hclproject] [           main] o.s.d.j.r.query.QueryEnhancerFactories   : Hibernate is in classpath; If applicable, HQL parser will be used.
2026-04-06T16:56:40.080+05:30  WARN 40864 --- [hclproject] [           main] JpaBaseConfiguration$JpaWebConfiguration : spring.jpa.open-in-view is enabled by default. Therefore, database queries may be performed during view rendering. Explicitly configure spring.jpa.open-in-view to disable this warning
2026-04-06T16:56:40.176+05:30  WARN 40864 --- [hclproject] [           main] .s.a.UserDetailsServiceAutoConfiguration : 

Using generated security password: 3880eb56-07a2-47b8-818d-4a8d32751319

This generated password is for development use only. Your security configuration must be updated before running your application in production.

2026-04-06T16:56:40.184+05:30  INFO 40864 --- [hclproject] [           main] r$InitializeUserDetailsManagerConfigurer : Global AuthenticationManager configured with UserDetailsService bean with name inMemoryUserDetailsManager
2026-04-06T16:56:40.591+05:30  INFO 40864 --- [hclproject] [           main] o.s.b.h.a.H2ConsoleAutoConfiguration     : H2 console available at '/h2-console'. Database available at 'jdbc:h2:mem:hcldb'
2026-04-06T16:56:40.781+05:30  INFO 40864 --- [hclproject] [           main] o.s.boot.tomcat.TomcatWebServer          : Tomcat started on port 8080 (http) with context path '/'
2026-04-06T16:56:40.789+05:30  INFO 40864 --- [hclproject] [           main] c.e.hclproject.HclprojectApplication     : Started HclprojectApplication in 5.277 seconds (process running for 5.725)
2026-04-06T16:58:13.654+05:30  INFO 40864 --- [hclproject] [ionShutdownHook] o.s.boot.tomcat.GracefulShutdown         : Commencing graceful shutdown. Waiting for active requests to complete
^CTerminate batch job (Y/N)? 2026-04-06T16:58:13.704+05:30  INFO 40864 --- [hclproject] [tomcat-shutdown] o.s.boot.tomcat.GracefulShutdown         : Graceful shutdown complete
2026-04-06T16:58:13.710+05:30  INFO 40864 --- [hclproject] [ionShutdownHook] j.LocalContainerEntityManagerFactoryBean : Closing JPA EntityManagerFactory for persistence unit 'default'
2026-04-06T16:58:13.715+05:30  INFO 40864 --- [hclproject] [ionShutdownHook] com.zaxxer.hikari.HikariDataSource       : HikariPool-1 - Shutdown initiated...
2026-04-06T16:58:13.718+05:30  INFO 40864 --- [hclproject] [ionShutdownHook] com.zaxxer.hikari.HikariDataSource       : HikariPool-1 - Shutdown completed.
[INFO] ------------------------------------------------------------------------
[INFO] BUILD SUCCESS
[INFO] ------------------------------------------------------------------------
[INFO] Total time:  01:41 min
[INFO] Finished at: 2026-04-06T16:58:13+05:30
[INFO] ------------------------------------------------------------------------
