[INFO] Scanning for projects...
[INFO] 
[INFO] -----------------------< com.example:hclproject >-----------------------
[INFO] Building  0.0.1-SNAPSHOT
[INFO]   from pom.xml
[INFO] --------------------------------[ jar ]---------------------------------
[INFO] 
[INFO] >>> spring-boot:4.0.5:run (default-cli) > test-compile @ hclproject >>>
[INFO] 
[INFO] --- resources:3.3.1:resources (default-resources) @ hclproject ---
[INFO] Copying 1 resource from src\main\resources to target\classes
[INFO] Copying 0 resource from src\main\resources to target\classes
[INFO] 
[INFO] --- compiler:3.14.1:compile (default-compile) @ hclproject ---
[INFO] Nothing to compile - all classes are up to date.
[INFO] 
[INFO] --- resources:3.3.1:testResources (default-testResources) @ hclproject ---
[INFO] skip non existing resourceDirectory C:\Users\prani\Downloads\hclproject\hclproject\src\test\resources
[INFO] 
[INFO] --- compiler:3.14.1:testCompile (default-testCompile) @ hclproject ---
[INFO] Nothing to compile - all classes are up to date.
[INFO] 
[INFO] <<< spring-boot:4.0.5:run (default-cli) < test-compile @ hclproject <<<
[INFO] 
[INFO] 
[INFO] --- spring-boot:4.0.5:run (default-cli) @ hclproject ---
[INFO] Attaching agents: []

  .   ____          _            __ _ _
 /\\ / ___'_ __ _ _(_)_ __  __ _ \ \ \ \
( ( )\___ | '_ | '_| | '_ \/ _` | \ \ \ \
 \\/  ___)| |_)| | | | | || (_| |  ) ) ) )
  '  |____| .__|_| |_|_| |_\__, | / / / /
 =========|_|==============|___/=/_/_/_/

 :: Spring Boot ::                (v4.0.5)

2026-04-06T16:59:20.121+05:30  INFO 39488 --- [hclproject] [           main] c.e.hclproject.HclprojectApplication     : Starting HclprojectApplication using Java 23.0.2 with PID 39488 (C:\Users\prani\Downloads\hclproject\hclproject\target\classes started by prani in C:\Users\prani\Downloads\hclproject\hclproject)
2026-04-06T16:59:20.123+05:30  INFO 39488 --- [hclproject] [           main] c.e.hclproject.HclprojectApplication     : No active profile set, falling back to 1 default profile: "default"
2026-04-06T16:59:20.878+05:30  INFO 39488 --- [hclproject] [           main] .s.d.r.c.RepositoryConfigurationDelegate : Bootstrapping Spring Data JPA repositories in DEFAULT mode.
2026-04-06T16:59:20.937+05:30  INFO 39488 --- [hclproject] [           main] .s.d.r.c.RepositoryConfigurationDelegate : Finished Spring Data repository scanning in 46 ms. Found 3 JPA repository interfaces.
2026-04-06T16:59:21.437+05:30  INFO 39488 --- [hclproject] [           main] o.s.boot.tomcat.TomcatWebServer          : Tomcat initialized with port 8081 (http)
2026-04-06T16:59:21.454+05:30  INFO 39488 --- [hclproject] [           main] o.apache.catalina.core.StandardService   : Starting service [Tomcat]
2026-04-06T16:59:21.455+05:30  INFO 39488 --- [hclproject] [           main] o.apache.catalina.core.StandardEngine    : Starting Servlet engine: [Apache Tomcat/11.0.20]
2026-04-06T16:59:21.518+05:30  INFO 39488 --- [hclproject] [           main] b.w.c.s.WebApplicationContextInitializer : Root WebApplicationContext: initialization completed in 1308 ms
2026-04-06T16:59:21.721+05:30  INFO 39488 --- [hclproject] [           main] org.hibernate.orm.jpa                    : HHH008540: Processing PersistenceUnitInfo [name: default]
2026-04-06T16:59:21.792+05:30  INFO 39488 --- [hclproject] [           main] org.hibernate.orm.core                   : HHH000001: Hibernate ORM core version 7.2.7.Final
2026-04-06T16:59:22.244+05:30  INFO 39488 --- [hclproject] [           main] o.s.o.j.p.SpringPersistenceUnitInfo      : No LoadTimeWeaver setup: ignoring JPA class transformer
2026-04-06T16:59:22.276+05:30  INFO 39488 --- [hclproject] [           main] com.zaxxer.hikari.HikariDataSource       : HikariPool-1 - Starting...
2026-04-06T16:59:22.436+05:30  INFO 39488 --- [hclproject] [           main] com.zaxxer.hikari.pool.HikariPool        : HikariPool-1 - Added connection conn0: url=jdbc:h2:mem:hcldb user=SA
2026-04-06T16:59:22.438+05:30  INFO 39488 --- [hclproject] [           main] com.zaxxer.hikari.HikariDataSource       : HikariPool-1 - Start completed.
2026-04-06T16:59:22.462+05:30  WARN 39488 --- [hclproject] [           main] org.hibernate.orm.deprecation            : HHH90000025: H2Dialect does not need to be specified explicitly using 'hibernate.dialect' (remove the property setting and it will be selected by default)
2026-04-06T16:59:22.486+05:30  INFO 39488 --- [hclproject] [           main] org.hibernate.orm.connections.pooling    : HHH10001005: Database info:
	Database JDBC URL [jdbc:h2:mem:hcldb]
	Database driver: H2 JDBC Driver
	Database dialect: H2Dialect
	Database version: 2.4.240
	Default catalog/schema: HCLDB/PUBLIC
	Autocommit mode: undefined/unknown
	Isolation level: READ_COMMITTED [default READ_COMMITTED]
	JDBC fetch size: 100
	Pool: DataSourceConnectionProvider
	Minimum pool size: undefined/unknown
	Maximum pool size: undefined/unknown
2026-04-06T16:59:23.492+05:30  INFO 39488 --- [hclproject] [           main] org.hibernate.orm.core                   : HHH000489: No JTA platform available (set 'hibernate.transaction.jta.platform' to enable JTA platform integration)
Hibernate: create table bookings (id bigint generated by default as identity, event_id bigint, user_id bigint, primary key (id))
Hibernate: create table event (id bigint generated by default as identity, date varchar(255), description varchar(255), location varchar(255), title varchar(255), primary key (id))
Hibernate: create table users (id bigint generated by default as identity, email varchar(255) not null, name varchar(255) not null, password varchar(255) not null, role varchar(255) not null, primary key (id))
Hibernate: alter table if exists users drop constraint if exists UK6dotkott2kjsp8vw4d0m25fb7
Hibernate: alter table if exists users add constraint UK6dotkott2kjsp8vw4d0m25fb7 unique (email)
2026-04-06T16:59:23.567+05:30  INFO 39488 --- [hclproject] [           main] j.LocalContainerEntityManagerFactoryBean : Initialized JPA EntityManagerFactory for persistence unit 'default'
2026-04-06T16:59:23.635+05:30  INFO 39488 --- [hclproject] [           main] o.s.d.j.r.query.QueryEnhancerFactories   : Hibernate is in classpath; If applicable, HQL parser will be used.
2026-04-06T16:59:23.832+05:30  WARN 39488 --- [hclproject] [           main] JpaBaseConfiguration$JpaWebConfiguration : spring.jpa.open-in-view is enabled by default. Therefore, database queries may be performed during view rendering. Explicitly configure spring.jpa.open-in-view to disable this warning
2026-04-06T16:59:23.915+05:30  WARN 39488 --- [hclproject] [           main] .s.a.UserDetailsServiceAutoConfiguration : 

Using generated security password: 77872909-a1df-4d78-84ce-31b574a58cf2

This generated password is for development use only. Your security configuration must be updated before running your application in production.

2026-04-06T16:59:23.923+05:30  INFO 39488 --- [hclproject] [           main] r$InitializeUserDetailsManagerConfigurer : Global AuthenticationManager configured with UserDetailsService bean with name inMemoryUserDetailsManager
2026-04-06T16:59:24.288+05:30  INFO 39488 --- [hclproject] [           main] o.s.b.h.a.H2ConsoleAutoConfiguration     : H2 console available at '/h2-console'. Database available at 'jdbc:h2:mem:hcldb'
2026-04-06T16:59:24.376+05:30  INFO 39488 --- [hclproject] [           main] o.s.boot.tomcat.TomcatWebServer          : Tomcat started on port 8081 (http) with context path '/'
2026-04-06T16:59:24.382+05:30  INFO 39488 --- [hclproject] [           main] c.e.hclproject.HclprojectApplication     : Started HclprojectApplication in 4.748 seconds (process running for 5.154)
2026-04-06T17:00:36.421+05:30  INFO 39488 --- [hclproject] [nio-8081-exec-6] o.a.c.c.C.[Tomcat].[localhost].[/]       : Initializing Spring DispatcherServlet 'dispatcherServlet'
2026-04-06T17:00:36.427+05:30  INFO 39488 --- [hclproject] [nio-8081-exec-6] o.s.web.servlet.DispatcherServlet        : Initializing Servlet 'dispatcherServlet'
2026-04-06T17:00:36.448+05:30  INFO 39488 --- [hclproject] [nio-8081-exec-6] o.s.web.servlet.DispatcherServlet        : Completed initialization in 11 ms
Hibernate: select u1_0.id,u1_0.email,u1_0.name,u1_0.password,u1_0.role from users u1_0 where u1_0.email=?
Hibernate: insert into users (email,name,password,role,id) values (?,?,?,?,default)
^C